// Jest Snapshot v1, https://goo.gl/fbAQLP

exports[`DevicesPage.vue when there are devices loaded matches snapshot 1`] = `
<div
  class="container"
  style="height: 100%;"
>
  <div
    class="mt-4 pr-2 pl-6 page-heading mb-4"
  >
    <h1
      class="hidden-sm-and-up headline mt-4"
    >
      Devices
    </h1>
     
    <div
      class="row align-center"
    >
      <h1
        class="hidden-xs-only mr-5"
      >
        Devices
      </h1>
       
      <span
        class="v-tooltip v-tooltip--top"
      >
        <div
          class="v-tooltip__content"
          style="left: 0px; max-width: auto; opacity: 0; top: 12px; z-index: 0; display: none;"
        />
      </span>
      <div>
        <button
          class="ml-4 v-btn v-btn--depressed v-btn--disabled v-btn--flat v-btn--outlined theme--light v-size--default"
          disabled="disabled"
          type="button"
        >
          <span
            class="v-btn__content"
          >
            <i
              aria-hidden="true"
              class="v-icon notranslate v-icon--left material-icons theme--light"
            >
              edit
            </i>
            Configure
          
          </span>
        </button>
      </div>
       
      <div
        class="spacer hidden-xs-only"
      />
       
      <div
        class="mr-4 col-md-3 col-5"
      >
        <div
          class="v-input standard-search theme--light v-text-field v-text-field--single-line"
        >
          <div
            class="v-input__control"
          >
            <div
              class="v-input__slot"
            >
              <div
                class="v-text-field__slot"
              >
                <label
                  class="v-label theme--light"
                  for="input-19"
                  style="left: 0px; position: absolute;"
                >
                  Search
                </label>
                <input
                  id="input-19"
                  type="text"
                />
              </div>
              <div
                class="v-input__append-inner"
              >
                <div
                  class="v-input__icon v-input__icon--append"
                >
                  <i
                    aria-hidden="true"
                    class="v-icon notranslate material-icons theme--light"
                  >
                    search
                  </i>
                </div>
              </div>
            </div>
            <div
              class="v-text-field__details"
            >
              <div
                class="v-messages theme--light"
              >
                <div
                  class="v-messages__wrapper"
                />
              </div>
            </div>
          </div>
        </div>
      </div>
       
      <div
        class="ml-auto col-md-3 col-lg-2 col-5"
      >
        <div
          class="v-input standard-select theme--light v-text-field v-text-field--enclosed v-text-field--outlined v-select"
        >
          <div
            class="v-input__control"
          >
            <div
              aria-expanded="false"
              aria-haspopup="listbox"
              aria-owns="list-23"
              class="v-input__slot"
              role="button"
            >
              <fieldset
                aria-hidden="true"
              >
                <legend
                  style="width: 0px;"
                >
                  <span>
                    â€‹
                  </span>
                </legend>
              </fieldset>
              <div
                class="v-select__slot"
              >
                <label
                  class="v-label theme--light"
                  for="input-23"
                  style="left: 0px; position: absolute;"
                >
                  Filter by app
                </label>
                <div
                  class="v-select__selections"
                >
                  <input
                    aria-readonly="true"
                    id="input-23"
                    readonly="readonly"
                    type="text"
                  />
                </div>
                <div
                  class="v-input__append-inner"
                >
                  <div
                    class="v-input__icon v-input__icon--"
                  >
                    <i
                      class="v-icon notranslate v-icon--link material-icons theme--light"
                      role="button"
                    />
                  </div>
                </div>
                <div
                  class="v-input__append-inner"
                >
                  <div
                    class="v-input__icon v-input__icon--append"
                  >
                    <i
                      aria-hidden="true"
                      class="v-icon notranslate mdi mdi-menu-down theme--light"
                    />
                  </div>
                </div>
              </div>
              <div
                class="v-menu"
              >
                <div
                  class="v-menu__content theme--light "
                  style="max-height: 304px; min-width: 0px; max-width: auto; top: 12px; left: 0px; transform-origin: top left; z-index: 0; display: none;"
                />
              </div>
            </div>
            <div
              class="v-text-field__details"
            >
              <div
                class="v-messages theme--light"
              >
                <div
                  class="v-messages__wrapper"
                />
              </div>
            </div>
          </div>
        </div>
      </div>
    </div>
  </div>
   
  <div
    class="v-data-table elevation-4 border-radius-1 overflow-hidden theme--light"
    data-qa="DevicesTable"
  >
    <div
      class="v-data-table__wrapper"
    >
      <table>
        <colgroup>
          <col
            class=""
          />
          <col
            class=""
          />
          <col
            class=""
          />
          <col
            class=""
          />
          <col
            class=""
          />
          <col
            class=""
          />
        </colgroup>
        <thead
          class="v-data-table-header"
        >
          <tr>
            <th
              aria-label=""
              aria-sort="none"
              class="text-start"
              role="columnheader"
              scope="col"
              style="width: 1px; min-width: 1px;"
            >
              <div
                class="v-data-table__checkbox v-simple-checkbox"
              >
                <div
                  class="v-input--selection-controls__ripple"
                />
                <i
                  aria-hidden="true"
                  class="v-icon notranslate mdi mdi-checkbox-blank-outline theme--light"
                />
              </div>
            </th>
            <th
              aria-label="Device ID: Not sorted. Activate to sort ascending."
              aria-sort="none"
              class="text-start sortable"
              role="columnheader"
              scope="col"
            >
              <span>
                Device ID
              </span>
              <i
                aria-hidden="true"
                class="v-icon notranslate v-data-table-header__icon mdi mdi-arrow-up theme--light"
                style="font-size: 18px;"
              />
            </th>
            <th
              aria-label="Status: Not sorted. Activate to sort ascending."
              aria-sort="none"
              class="text-start sortable"
              role="columnheader"
              scope="col"
            >
              <span>
                Status
              </span>
              <i
                aria-hidden="true"
                class="v-icon notranslate v-data-table-header__icon mdi mdi-arrow-up theme--light"
                style="font-size: 18px;"
              />
            </th>
            <th
              aria-label="Last IP: Not sorted. Activate to sort ascending."
              aria-sort="none"
              class="text-start sortable"
              role="columnheader"
              scope="col"
            >
              <span>
                Last IP
              </span>
              <i
                aria-hidden="true"
                class="v-icon notranslate v-data-table-header__icon mdi mdi-arrow-up theme--light"
                style="font-size: 18px;"
              />
            </th>
            <th
              aria-label="Last Seen: Not sorted. Activate to sort ascending."
              aria-sort="none"
              class="text-start sortable"
              role="columnheader"
              scope="col"
            >
              <span>
                Last Seen
              </span>
              <i
                aria-hidden="true"
                class="v-icon notranslate v-data-table-header__icon mdi mdi-arrow-up theme--light"
                style="font-size: 18px;"
              />
            </th>
            <th
              aria-label="Apps: Not sorted. Activate to sort ascending."
              aria-sort="none"
              class="text-start sortable"
              role="columnheader"
              scope="col"
            >
              <span>
                Apps
              </span>
              <i
                aria-hidden="true"
                class="v-icon notranslate v-data-table-header__icon mdi mdi-arrow-up theme--light"
                style="font-size: 18px;"
              />
            </th>
          </tr>
        </thead>
        <tbody>
          <tr
            class=""
          >
            <td
              class="text-start"
            >
              <div
                class="v-data-table__checkbox v-simple-checkbox"
              >
                <div
                  class="v-input--selection-controls__ripple"
                />
                <i
                  aria-hidden="true"
                  class="v-icon notranslate mdi mdi-checkbox-blank-outline theme--light"
                />
              </div>
            </td>
            <td
              class="text-start"
            >
              device1
            </td>
            <td
              class="text-start"
            >
              <span
                class="chip-online v-chip v-chip--no-color theme--light v-size--default"
              >
                <span
                  class="v-chip__content"
                >
                  online
                </span>
              </span>
            </td>
            <td
              class="text-start"
            >
              
      -
    
            </td>
            <td
              class="text-start"
            >
              
      Invalid Date
    
            </td>
            <td
              class="text-start"
            >
              
      0
    
            </td>
          </tr>
          <tr
            class=""
          >
            <td
              class="text-start"
            >
              <div
                class="v-data-table__checkbox v-simple-checkbox"
              >
                <div
                  class="v-input--selection-controls__ripple"
                />
                <i
                  aria-hidden="true"
                  class="v-icon notranslate mdi mdi-checkbox-blank-outline theme--light"
                />
              </div>
            </td>
            <td
              class="text-start"
            >
              device2
            </td>
            <td
              class="text-start"
            >
              <span
                class="chip-online v-chip v-chip--no-color theme--light v-size--default"
              >
                <span
                  class="v-chip__content"
                >
                  online
                </span>
              </span>
            </td>
            <td
              class="text-start"
            >
              
      -
    
            </td>
            <td
              class="text-start"
            >
              
      Invalid Date
    
            </td>
            <td
              class="text-start"
            >
              
      0
    
            </td>
          </tr>
        </tbody>
      </table>
    </div>
    <div
      class="v-data-footer"
    >
      <div
        class="v-data-footer__select"
      >
        Rows per page:
        <div
          class="v-input v-input--hide-details v-input--is-label-active v-input--is-dirty theme--light v-text-field v-select"
        >
          <div
            class="v-input__control"
          >
            <div
              aria-expanded="false"
              aria-haspopup="listbox"
              aria-owns="list-2387"
              class="v-input__slot"
              role="button"
            >
              <div
                class="v-select__slot"
              >
                <div
                  class="v-select__selections"
                >
                  <div
                    class="v-select__selection v-select__selection--comma"
                  >
                    10
                  </div>
                  <input
                    aria-label="$vuetify.dataTable.itemsPerPageText"
                    aria-readonly="true"
                    id="input-2387"
                    readonly="readonly"
                    type="text"
                  />
                </div>
                <div
                  class="v-input__append-inner"
                >
                  <div
                    class="v-input__icon v-input__icon--append"
                  >
                    <i
                      aria-hidden="true"
                      class="v-icon notranslate mdi mdi-menu-down theme--light"
                    />
                  </div>
                </div>
              </div>
              <div
                class="v-menu"
              >
                <div
                  class="v-menu__content theme--light "
                  style="max-height: 304px; min-width: 0px; max-width: auto; top: 12px; left: 0px; transform-origin: top left; z-index: 0; display: none;"
                />
              </div>
            </div>
          </div>
        </div>
      </div>
      <div
        class="v-data-footer__pagination"
      >
        1-2 of 2
      </div>
      <div
        class="v-data-footer__icons-before"
      >
        <button
          aria-label="Previous page"
          class="v-btn v-btn--disabled v-btn--flat v-btn--icon v-btn--round v-btn--text theme--light v-size--default"
          disabled="disabled"
          type="button"
        >
          <span
            class="v-btn__content"
          >
            <i
              aria-hidden="true"
              class="v-icon notranslate mdi mdi-chevron-left theme--light"
            />
          </span>
        </button>
      </div>
      <div
        class="v-data-footer__icons-after"
      >
        <button
          aria-label="Next page"
          class="v-btn v-btn--disabled v-btn--flat v-btn--icon v-btn--round v-btn--text theme--light v-size--default"
          disabled="disabled"
          type="button"
        >
          <span
            class="v-btn__content"
          >
            <i
              aria-hidden="true"
              class="v-icon notranslate mdi mdi-chevron-right theme--light"
            />
          </span>
        </button>
      </div>
    </div>
  </div>
   
  <!---->
   
  <div
    class="v-dialog__container"
    role="dialog"
  >
    <div
      class="v-dialog__content"
      role="document"
      style="z-index: 0;"
    >
      <div
        class="v-dialog"
        style="max-width: 600px; display: none;"
      />
    </div>
  </div>
   
  <div
    class="v-dialog__container"
    role="dialog"
  >
    <div
      class="v-dialog__content"
      role="document"
      style="z-index: 0;"
    >
      <div
        class="v-dialog"
        style="max-width: 600px; display: none;"
      />
    </div>
  </div>
   
  <div
    class="v-dialog__container"
    role="dialog"
  >
    <div
      class="v-dialog__content"
      role="document"
      style="z-index: 0;"
    >
      <div
        class="v-dialog"
        style="max-width: 700px; display: none;"
      />
    </div>
  </div>
</div>
`;
